Archive member included to satisfy reference by file (symbol)

/usr/lib/gcc/arm-none-eabi/14.2.1/thumb/v7-m/nofp/libgcc.a(_arm_mulsf3.o)
                              build/si4032.o (__aeabi_fmul)
/usr/lib/gcc/arm-none-eabi/14.2.1/thumb/v7-m/nofp/libgcc.a(_arm_addsubsf3.o)
                              build/si4032.o (__aeabi_fsub)
/usr/lib/gcc/arm-none-eabi/14.2.1/thumb/v7-m/nofp/libgcc.a(_arm_muldivsf3.o)
                              build/si4032.o (__aeabi_fdiv)
/usr/lib/gcc/arm-none-eabi/14.2.1/thumb/v7-m/nofp/libgcc.a(_arm_cmpsf2.o)
                              build/si4032.o (__aeabi_fcmpge)
/usr/lib/gcc/arm-none-eabi/14.2.1/thumb/v7-m/nofp/libgcc.a(_arm_fixunssfsi.o)
                              build/si4032.o (__aeabi_f2uiz)
/usr/lib/gcc/arm-none-eabi/14.2.1/thumb/v7-m/nofp/libgcc.a(_aeabi_ldivmod.o)
                              build/protocol.o (__aeabi_ldivmod)
/usr/lib/gcc/arm-none-eabi/14.2.1/thumb/v7-m/nofp/libgcc.a(_aeabi_uldivmod.o)
                              build/gps.o (__aeabi_uldivmod)
/usr/lib/gcc/arm-none-eabi/14.2.1/thumb/v7-m/nofp/libgcc.a(_udivmoddi4.o)
                              /usr/lib/gcc/arm-none-eabi/14.2.1/thumb/v7-m/nofp/libgcc.a(_aeabi_ldivmod.o) (__udivmoddi4)
/usr/lib/gcc/arm-none-eabi/14.2.1/thumb/v7-m/nofp/libgcc.a(_dvmd_tls.o)
                              /usr/lib/gcc/arm-none-eabi/14.2.1/thumb/v7-m/nofp/libgcc.a(_aeabi_ldivmod.o) (__aeabi_ldiv0)

Discarded input sections

 .group         0x00000000        0xc build/startup_stm32f100c8.o
 .group         0x00000000        0xc build/startup_stm32f100c8.o
 .text          0x00000000        0x0 build/startup_stm32f100c8.o
 .data          0x00000000        0x0 build/startup_stm32f100c8.o
 .bss           0x00000000        0x0 build/startup_stm32f100c8.o
 .group         0x00000000        0xc build/platform.o
 .group         0x00000000        0xc build/platform.o
 .group         0x00000000        0xc build/platform.o
 .group         0x00000000        0xc build/platform.o
 .group         0x00000000        0xc build/platform.o
 .text          0x00000000        0x0 build/platform.o
 .data          0x00000000        0x0 build/platform.o
 .bss           0x00000000        0x0 build/platform.o
 .text.gpio_read
                0x00000000        0xa build/platform.o
 .text.gpio_toggle
                0x00000000       0x10 build/platform.o
 .debug_macro   0x00000000      0xac6 build/platform.o
 .debug_macro   0x00000000      0x34e build/platform.o
 .group         0x00000000        0xc build/uart.o
 .group         0x00000000        0xc build/uart.o
 .group         0x00000000        0xc build/uart.o
 .group         0x00000000        0xc build/uart.o
 .group         0x00000000        0xc build/uart.o
 .text          0x00000000        0x0 build/uart.o
 .data          0x00000000        0x0 build/uart.o
 .bss           0x00000000        0x0 build/uart.o
 .text.uart1_write_byte
                0x00000000       0x10 build/uart.o
 .debug_macro   0x00000000      0xac6 build/uart.o
 .debug_macro   0x00000000       0x22 build/uart.o
 .debug_macro   0x00000000      0x34e build/uart.o
 .debug_macro   0x00000000       0x7c build/uart.o
 .debug_macro   0x00000000      0x24b build/uart.o
 .group         0x00000000        0xc build/spi.o
 .group         0x00000000        0xc build/spi.o
 .group         0x00000000        0xc build/spi.o
 .group         0x00000000        0xc build/spi.o
 .text          0x00000000        0x0 build/spi.o
 .data          0x00000000        0x0 build/spi.o
 .bss           0x00000000        0x0 build/spi.o
 .debug_macro   0x00000000      0xac6 build/spi.o
 .debug_macro   0x00000000      0x34e build/spi.o
 .debug_macro   0x00000000       0x22 build/spi.o
 .debug_macro   0x00000000      0x24b build/spi.o
 .group         0x00000000        0xc build/adc.o
 .group         0x00000000        0xc build/adc.o
 .group         0x00000000        0xc build/adc.o
 .group         0x00000000        0xc build/adc.o
 .group         0x00000000        0xc build/adc.o
 .text          0x00000000        0x0 build/adc.o
 .data          0x00000000        0x0 build/adc.o
 .bss           0x00000000        0x0 build/adc.o
 .debug_macro   0x00000000      0xac6 build/adc.o
 .debug_macro   0x00000000      0x34e build/adc.o
 .debug_macro   0x00000000       0x7c build/adc.o
 .debug_macro   0x00000000       0x22 build/adc.o
 .debug_macro   0x00000000      0x24b build/adc.o
 .group         0x00000000        0xc build/crc16.o
 .group         0x00000000        0xc build/crc16.o
 .group         0x00000000        0xc build/crc16.o
 .text          0x00000000        0x0 build/crc16.o
 .data          0x00000000        0x0 build/crc16.o
 .bss           0x00000000        0x0 build/crc16.o
 .text.crc16_ccitt_false
                0x00000000       0x36 build/crc16.o
 .debug_info    0x00000000      0x129 build/crc16.o
 .debug_abbrev  0x00000000       0x9a build/crc16.o
 .debug_loclists
                0x00000000       0xce build/crc16.o
 .debug_aranges
                0x00000000       0x20 build/crc16.o
 .debug_rnglists
                0x00000000       0x31 build/crc16.o
 .debug_macro   0x00000000       0x2d build/crc16.o
 .debug_macro   0x00000000      0xac6 build/crc16.o
 .debug_macro   0x00000000      0x190 build/crc16.o
 .debug_macro   0x00000000      0x34e build/crc16.o
 .debug_line    0x00000000      0x104 build/crc16.o
 .debug_str     0x00000000     0x3c47 build/crc16.o
 .comment       0x00000000       0x27 build/crc16.o
 .debug_frame   0x00000000       0x2c build/crc16.o
 .ARM.attributes
                0x00000000       0x2d build/crc16.o
 .group         0x00000000        0xc build/gps.o
 .group         0x00000000        0xc build/gps.o
 .group         0x00000000        0xc build/gps.o
 .group         0x00000000        0xc build/gps.o
 .group         0x00000000        0xc build/gps.o
 .group         0x00000000        0xc build/gps.o
 .group         0x00000000        0xc build/gps.o
 .text          0x00000000        0x0 build/gps.o
 .data          0x00000000        0x0 build/gps.o
 .bss           0x00000000        0x0 build/gps.o
 .debug_macro   0x00000000      0xac6 build/gps.o
 .debug_macro   0x00000000       0x22 build/gps.o
 .debug_macro   0x00000000      0x34e build/gps.o
 .debug_macro   0x00000000      0x190 build/gps.o
 .debug_macro   0x00000000       0x7c build/gps.o
 .debug_macro   0x00000000      0x24b build/gps.o
 .group         0x00000000        0xc build/protocol.o
 .group         0x00000000        0xc build/protocol.o
 .group         0x00000000        0xc build/protocol.o
 .group         0x00000000        0xc build/protocol.o
 .group         0x00000000        0xc build/protocol.o
 .group         0x00000000        0xc build/protocol.o
 .text          0x00000000        0x0 build/protocol.o
 .data          0x00000000        0x0 build/protocol.o
 .bss           0x00000000        0x0 build/protocol.o
 .debug_macro   0x00000000      0xac6 build/protocol.o
 .debug_macro   0x00000000      0x190 build/protocol.o
 .debug_macro   0x00000000      0x34e build/protocol.o
 .debug_macro   0x00000000       0x22 build/protocol.o
 .debug_macro   0x00000000       0x16 build/protocol.o
 .debug_macro   0x00000000       0x7c build/protocol.o
 .group         0x00000000        0xc build/si4032.o
 .group         0x00000000        0xc build/si4032.o
 .group         0x00000000        0xc build/si4032.o
 .group         0x00000000        0xc build/si4032.o
 .group         0x00000000        0xc build/si4032.o
 .group         0x00000000        0xc build/si4032.o
 .text          0x00000000        0x0 build/si4032.o
 .data          0x00000000        0x0 build/si4032.o
 .bss           0x00000000        0x0 build/si4032.o
 .debug_macro   0x00000000      0xac6 build/si4032.o
 .debug_macro   0x00000000      0x190 build/si4032.o
 .debug_macro   0x00000000      0x34e build/si4032.o
 .debug_macro   0x00000000       0x22 build/si4032.o
 .debug_macro   0x00000000       0x7c build/si4032.o
 .debug_macro   0x00000000      0x24b build/si4032.o
 .group         0x00000000        0xc build/main.o
 .group         0x00000000        0xc build/main.o
 .group         0x00000000        0xc build/main.o
 .group         0x00000000        0xc build/main.o
 .group         0x00000000        0xc build/main.o
 .group         0x00000000        0xc build/main.o
 .group         0x00000000        0xc build/main.o
 .text          0x00000000        0x0 build/main.o
 .data          0x00000000        0x0 build/main.o
 .bss           0x00000000        0x0 build/main.o
 .debug_macro   0x00000000      0xac6 build/main.o
 .debug_macro   0x00000000      0x34e build/main.o
 .debug_macro   0x00000000       0x7c build/main.o
 .debug_macro   0x00000000       0x22 build/main.o
 .debug_macro   0x00000000       0x16 build/main.o
 .debug_macro   0x00000000      0x24b build/main.o
 .debug_macro   0x00000000      0x190 build/main.o
 .text          0x00000000      0x168 /usr/lib/gcc/arm-none-eabi/14.2.1/thumb/v7-m/nofp/libgcc.a(_arm_mulsf3.o)
 .data          0x00000000        0x0 /usr/lib/gcc/arm-none-eabi/14.2.1/thumb/v7-m/nofp/libgcc.a(_arm_mulsf3.o)
 .bss           0x00000000        0x0 /usr/lib/gcc/arm-none-eabi/14.2.1/thumb/v7-m/nofp/libgcc.a(_arm_mulsf3.o)
 .debug_line    0x00000000       0xbd /usr/lib/gcc/arm-none-eabi/14.2.1/thumb/v7-m/nofp/libgcc.a(_arm_mulsf3.o)
 .debug_line_str
                0x00000000       0x98 /usr/lib/gcc/arm-none-eabi/14.2.1/thumb/v7-m/nofp/libgcc.a(_arm_mulsf3.o)
 .debug_info    0x00000000       0x3f /usr/lib/gcc/arm-none-eabi/14.2.1/thumb/v7-m/nofp/libgcc.a(_arm_mulsf3.o)
 .debug_abbrev  0x00000000       0x26 /usr/lib/gcc/arm-none-eabi/14.2.1/thumb/v7-m/nofp/libgcc.a(_arm_mulsf3.o)
 .debug_aranges
                0x00000000       0x20 /usr/lib/gcc/arm-none-eabi/14.2.1/thumb/v7-m/nofp/libgcc.a(_arm_mulsf3.o)
 .debug_str     0x00000000       0xba /usr/lib/gcc/arm-none-eabi/14.2.1/thumb/v7-m/nofp/libgcc.a(_arm_mulsf3.o)
 .debug_frame   0x00000000       0x24 /usr/lib/gcc/arm-none-eabi/14.2.1/thumb/v7-m/nofp/libgcc.a(_arm_mulsf3.o)
 .ARM.attributes
                0x00000000       0x1d /usr/lib/gcc/arm-none-eabi/14.2.1/thumb/v7-m/nofp/libgcc.a(_arm_mulsf3.o)
 .data          0x00000000        0x0 /usr/lib/gcc/arm-none-eabi/14.2.1/thumb/v7-m/nofp/libgcc.a(_arm_addsubsf3.o)
 .bss           0x00000000        0x0 /usr/lib/gcc/arm-none-eabi/14.2.1/thumb/v7-m/nofp/libgcc.a(_arm_addsubsf3.o)
 .data          0x00000000        0x0 /usr/lib/gcc/arm-none-eabi/14.2.1/thumb/v7-m/nofp/libgcc.a(_arm_muldivsf3.o)
 .bss           0x00000000        0x0 /usr/lib/gcc/arm-none-eabi/14.2.1/thumb/v7-m/nofp/libgcc.a(_arm_muldivsf3.o)
 .data          0x00000000        0x0 /usr/lib/gcc/arm-none-eabi/14.2.1/thumb/v7-m/nofp/libgcc.a(_arm_cmpsf2.o)
 .bss           0x00000000        0x0 /usr/lib/gcc/arm-none-eabi/14.2.1/thumb/v7-m/nofp/libgcc.a(_arm_cmpsf2.o)
 .data          0x00000000        0x0 /usr/lib/gcc/arm-none-eabi/14.2.1/thumb/v7-m/nofp/libgcc.a(_arm_fixunssfsi.o)
 .bss           0x00000000        0x0 /usr/lib/gcc/arm-none-eabi/14.2.1/thumb/v7-m/nofp/libgcc.a(_arm_fixunssfsi.o)
 .data          0x00000000        0x0 /usr/lib/gcc/arm-none-eabi/14.2.1/thumb/v7-m/nofp/libgcc.a(_aeabi_ldivmod.o)
 .bss           0x00000000        0x0 /usr/lib/gcc/arm-none-eabi/14.2.1/thumb/v7-m/nofp/libgcc.a(_aeabi_ldivmod.o)
 .data          0x00000000        0x0 /usr/lib/gcc/arm-none-eabi/14.2.1/thumb/v7-m/nofp/libgcc.a(_aeabi_uldivmod.o)
 .bss           0x00000000        0x0 /usr/lib/gcc/arm-none-eabi/14.2.1/thumb/v7-m/nofp/libgcc.a(_aeabi_uldivmod.o)
 .data          0x00000000        0x0 /usr/lib/gcc/arm-none-eabi/14.2.1/thumb/v7-m/nofp/libgcc.a(_udivmoddi4.o)
 .bss           0x00000000        0x0 /usr/lib/gcc/arm-none-eabi/14.2.1/thumb/v7-m/nofp/libgcc.a(_udivmoddi4.o)
 .ARM.extab     0x00000000        0x0 /usr/lib/gcc/arm-none-eabi/14.2.1/thumb/v7-m/nofp/libgcc.a(_udivmoddi4.o)
 .data          0x00000000        0x0 /usr/lib/gcc/arm-none-eabi/14.2.1/thumb/v7-m/nofp/libgcc.a(_dvmd_tls.o)
 .bss           0x00000000        0x0 /usr/lib/gcc/arm-none-eabi/14.2.1/thumb/v7-m/nofp/libgcc.a(_dvmd_tls.o)

Memory Configuration

Name             Origin             Length             Attributes
FLASH            0x08000000         0x00010000         xr
RAM              0x20000000         0x00002000         xrw
*default*        0x00000000         0xffffffff

Linker script and memory map

LOAD build/startup_stm32f100c8.o
LOAD build/platform.o
LOAD build/uart.o
LOAD build/spi.o
LOAD build/adc.o
LOAD build/crc16.o
LOAD build/gps.o
LOAD build/protocol.o
LOAD build/si4032.o
LOAD build/main.o
LOAD /usr/lib/gcc/arm-none-eabi/14.2.1/thumb/v7-m/nofp/libgcc.a
                0x20002000                        _estack = (ORIGIN (RAM) + LENGTH (RAM))

.isr_vector     0x08000000       0x40
 *(.isr_vector)
 .isr_vector    0x08000000       0x40 build/startup_stm32f100c8.o
                0x08000000                vector_table

.text           0x08000040     0x1998
 *(.text*)
 .text.Default_Handler
                0x08000040        0x2 build/startup_stm32f100c8.o
                0x08000040                DebugMon_Handler
                0x08000040                HardFault_Handler
                0x08000040                PendSV_Handler
                0x08000040                NMI_Handler
                0x08000040                UsageFault_Handler
                0x08000040                Default_Handler
                0x08000040                MemManage_Handler
                0x08000040                SVC_Handler
                0x08000040                BusFault_Handler
 *fill*         0x08000042        0x2 
 .text.Reset_Handler
                0x08000044       0x40 build/startup_stm32f100c8.o
                0x08000044                Reset_Handler
 .text.gpio_config
                0x08000084       0x28 build/platform.o
 .text.gpio_config_output
                0x080000ac        0x4 build/platform.o
                0x080000ac                gpio_config_output
 .text.gpio_config_input
                0x080000b0        0x8 build/platform.o
                0x080000b0                gpio_config_input
 .text.gpio_write
                0x080000b8       0x10 build/platform.o
                0x080000b8                gpio_write
 .text.SysTick_Handler
                0x080000c8       0x10 build/platform.o
                0x080000c8                SysTick_Handler
 .text.platform_millis
                0x080000d8        0xc build/platform.o
                0x080000d8                platform_millis
 .text.delay_us
                0x080000e4        0xc build/platform.o
                0x080000e4                delay_us
 .text.delay_ms
                0x080000f0       0x14 build/platform.o
                0x080000f0                delay_ms
 .text.platform_led_red
                0x08000104       0x14 build/platform.o
                0x08000104                platform_led_red
 .text.platform_led_green
                0x08000118       0x14 build/platform.o
                0x08000118                platform_led_green
 .text.platform_init
                0x0800012c       0x60 build/platform.o
                0x0800012c                platform_init
 .text.uart1_init
                0x0800018c       0x4c build/uart.o
                0x0800018c                uart1_init
 .text.uart1_read_byte
                0x080001d8       0x18 build/uart.o
                0x080001d8                uart1_read_byte
 .text.spi2_init
                0x080001f0       0x68 build/spi.o
                0x080001f0                spi2_init
 .text.spi2_transfer
                0x08000258       0x1c build/spi.o
                0x08000258                spi2_transfer
 .text.adc_init
                0x08000274       0x7c build/adc.o
                0x08000274                adc_init
 .text.adc_read_channel
                0x080002f0       0x60 build/adc.o
                0x080002f0                adc_read_channel
 .text.adc_read_battery_mv
                0x08000350       0x1c build/adc.o
                0x08000350                adc_read_battery_mv
 .text.adc_read_mcu_temperature_centi
                0x0800036c       0x30 build/adc.o
                0x0800036c                adc_read_mcu_temperature_centi
 .text.streq_prefix
                0x0800039c       0x18 build/gps.o
 .text.hex_to_int
                0x080003b4       0x2c build/gps.o
 .text.parse_latlon_e7.part.0.constprop.0
                0x080003e0       0xa0 build/gps.o
 .text.parse_decimal_scaled.constprop.0
                0x08000480       0x84 build/gps.o
 .text.gps_init
                0x08000504       0x1c build/gps.o
                0x08000504                gps_init
 .text.gps_poll
                0x08000520      0x228 build/gps.o
                0x08000520                gps_poll
 .text.gps_get_fix
                0x08000748        0x8 build/gps.o
                0x08000748                gps_get_fix
 .text.append_char
                0x08000750       0x10 build/protocol.o
 .text.append_text
                0x08000760       0x12 build/protocol.o
 .text.append_uint_padded
                0x08000772       0x32 build/protocol.o
 .text.format_aprs_coordinate
                0x080007a4       0x94 build/protocol.o
 .text.append_signed_two_digits
                0x08000838       0x24 build/protocol.o
 .text.protocol_build_packet
                0x0800085c      0x2c0 build/protocol.o
                0x0800085c                protocol_build_packet
 .text.radio_select
                0x08000b1c       0x10 build/si4032.o
 .text.write_register
                0x08000b2c       0x24 build/si4032.o
 .text.bell_emit_symbol
                0x08000b50       0x30 build/si4032.o
 .text.read_register.isra.0
                0x08000b80       0x20 build/si4032.o
 .text.si4032_set_frequency
                0x08000ba0       0xb8 build/si4032.o
                0x08000ba0                si4032_set_frequency
 .text.si4032_set_power
                0x08000c58        0xa build/si4032.o
                0x08000c58                si4032_set_power
 *fill*         0x08000c62        0x2 
 .text.si4032_init
                0x08000c64      0x138 build/si4032.o
                0x08000c64                si4032_init
 .text.si4032_transmit_aprs
                0x08000d9c      0x194 build/si4032.o
                0x08000d9c                si4032_transmit_aprs
 .text.startup.main
                0x08000f30       0xba build/main.o
                0x08000f30                main
 *fill*         0x08000fea        0x2 
 .text          0x08000fec      0x21c /usr/lib/gcc/arm-none-eabi/14.2.1/thumb/v7-m/nofp/libgcc.a(_arm_addsubsf3.o)
                0x08000fec                __aeabi_frsub
                0x08000ff4                __subsf3
                0x08000ff4                __aeabi_fsub
                0x08000ff8                __aeabi_fadd
                0x08000ff8                __addsf3
                0x08001158                __aeabi_ui2f
                0x08001158                __floatunsisf
                0x08001160                __aeabi_i2f
                0x08001160                __floatsisf
                0x0800117c                __floatundisf
                0x0800117c                __aeabi_ul2f
                0x0800118c                __floatdisf
                0x0800118c                __aeabi_l2f
 .text          0x08001208      0x2a0 /usr/lib/gcc/arm-none-eabi/14.2.1/thumb/v7-m/nofp/libgcc.a(_arm_muldivsf3.o)
                0x08001208                __mulsf3
                0x08001208                __aeabi_fmul
                0x08001370                __divsf3
                0x08001370                __aeabi_fdiv
 .text          0x080014a8       0xec /usr/lib/gcc/arm-none-eabi/14.2.1/thumb/v7-m/nofp/libgcc.a(_arm_cmpsf2.o)
                0x080014a8                __gtsf2
                0x080014a8                __gesf2
                0x080014b0                __lesf2
                0x080014b0                __ltsf2
                0x080014b8                __nesf2
                0x080014b8                __eqsf2
                0x080014b8                __cmpsf2
                0x08001518                __aeabi_cfrcmple
                0x08001520                __aeabi_cfcmple
                0x08001520                __aeabi_cfcmpeq
                0x08001530                __aeabi_fcmpeq
                0x08001544                __aeabi_fcmplt
                0x08001558                __aeabi_fcmple
                0x0800156c                __aeabi_fcmpge
                0x08001580                __aeabi_fcmpgt
 .text          0x08001594       0x40 /usr/lib/gcc/arm-none-eabi/14.2.1/thumb/v7-m/nofp/libgcc.a(_arm_fixunssfsi.o)
                0x08001594                __aeabi_f2uiz
                0x08001594                __fixunssfsi
 .text          0x080015d4       0xa0 /usr/lib/gcc/arm-none-eabi/14.2.1/thumb/v7-m/nofp/libgcc.a(_aeabi_ldivmod.o)
                0x080015d4                __aeabi_ldivmod
 .text          0x08001674       0x30 /usr/lib/gcc/arm-none-eabi/14.2.1/thumb/v7-m/nofp/libgcc.a(_aeabi_uldivmod.o)
                0x08001674                __aeabi_uldivmod
 .text          0x080016a4      0x2f4 /usr/lib/gcc/arm-none-eabi/14.2.1/thumb/v7-m/nofp/libgcc.a(_udivmoddi4.o)
                0x080016a4                __udivmoddi4
 .text          0x08001998        0x4 /usr/lib/gcc/arm-none-eabi/14.2.1/thumb/v7-m/nofp/libgcc.a(_dvmd_tls.o)
                0x08001998                __aeabi_ldiv0
                0x08001998                __aeabi_idiv0
 *(.rodata*)
 .rodata.gps_poll.str1.1
                0x0800199c       0x3c build/gps.o
                                 0x18 (size before relaxing)
 .rodata.protocol_build_packet.str1.1
                0x080019d8       0x24 build/protocol.o
 *(.glue_7)
 .glue_7        0x080019d8        0x0 linker stubs
 *(.glue_7t)
 .glue_7t       0x080019d8        0x0 linker stubs
 *(.eh_frame*)
                0x080019fc                        . = ALIGN (0x4)
                0x080019d8                        _etext = .
                0x080019d8                        _sidata = _etext

.vfp11_veneer   0x080019d8        0x0
 .vfp11_veneer  0x080019d8        0x0 linker stubs

.v4_bx          0x080019d8        0x0
 .v4_bx         0x080019d8        0x0 linker stubs

.iplt           0x080019d8        0x0
 .iplt          0x080019d8        0x0 build/startup_stm32f100c8.o

.rel.dyn        0x080019d8        0x0
 .rel.iplt      0x080019d8        0x0 build/startup_stm32f100c8.o

.ARM.exidx      0x080019d8        0x8
 .ARM.exidx     0x080019d8        0x8 /usr/lib/gcc/arm-none-eabi/14.2.1/thumb/v7-m/nofp/libgcc.a(_udivmoddi4.o)

.data           0x20000000        0x0 load address 0x080019d8
                0x20000000                        . = ALIGN (0x4)
                0x20000000                        _sdata = .
 *(.data*)
                0x20000000                        . = ALIGN (0x4)
                0x20000000                        _edata = .

.igot.plt       0x20000000        0x0
 .igot.plt      0x20000000        0x0 build/startup_stm32f100c8.o

.bss            0x20000000       0x7c
                0x20000000                        . = ALIGN (0x4)
                0x20000000                        _sbss = .
 *(.bss*)
 .bss.g_millis  0x20000000        0x4 build/platform.o
 .bss.g_line_len
                0x20000004        0x1 build/gps.o
 .bss.g_line    0x20000005       0x60 build/gps.o
 *fill*         0x20000065        0x3 
 .bss.g_fix     0x20000068       0x14 build/gps.o
 *(COMMON)
                0x2000007c                        . = ALIGN (0x4)
                0x2000007c                        _ebss = .
                0x2000007c                        . = ALIGN (0x4)
                0x2000007c                        end = .
OUTPUT(build/rs41.elf elf32-littlearm)
LOAD linker stubs

.debug_info     0x00000000     0x4dc4
 .debug_info    0x00000000      0x148 build/startup_stm32f100c8.o
 .debug_info    0x00000148      0x85a build/platform.o
 .debug_info    0x000009a2      0x2eb build/uart.o
 .debug_info    0x00000c8d      0x34d build/spi.o
 .debug_info    0x00000fda      0x533 build/adc.o
 .debug_info    0x0000150d      0xa8e build/gps.o
 .debug_info    0x00001f9b      0xe6c build/protocol.o
 .debug_info    0x00002e07     0x118f build/si4032.o
 .debug_info    0x00003f96      0x47c build/main.o
 .debug_info    0x00004412       0xca /usr/lib/gcc/arm-none-eabi/14.2.1/thumb/v7-m/nofp/libgcc.a(_arm_addsubsf3.o)
 .debug_info    0x000044dc       0x57 /usr/lib/gcc/arm-none-eabi/14.2.1/thumb/v7-m/nofp/libgcc.a(_arm_muldivsf3.o)
 .debug_info    0x00004533       0xdb /usr/lib/gcc/arm-none-eabi/14.2.1/thumb/v7-m/nofp/libgcc.a(_arm_cmpsf2.o)
 .debug_info    0x0000460e       0x3c /usr/lib/gcc/arm-none-eabi/14.2.1/thumb/v7-m/nofp/libgcc.a(_arm_fixunssfsi.o)
 .debug_info    0x0000464a       0x25 /usr/lib/gcc/arm-none-eabi/14.2.1/thumb/v7-m/nofp/libgcc.a(_aeabi_ldivmod.o)
 .debug_info    0x0000466f       0x24 /usr/lib/gcc/arm-none-eabi/14.2.1/thumb/v7-m/nofp/libgcc.a(_aeabi_uldivmod.o)
 .debug_info    0x00004693      0x6f5 /usr/lib/gcc/arm-none-eabi/14.2.1/thumb/v7-m/nofp/libgcc.a(_udivmoddi4.o)
 .debug_info    0x00004d88       0x3c /usr/lib/gcc/arm-none-eabi/14.2.1/thumb/v7-m/nofp/libgcc.a(_dvmd_tls.o)

.debug_abbrev   0x00000000     0x1488
 .debug_abbrev  0x00000000       0xec build/startup_stm32f100c8.o
 .debug_abbrev  0x000000ec      0x295 build/platform.o
 .debug_abbrev  0x00000381      0x135 build/uart.o
 .debug_abbrev  0x000004b6      0x107 build/spi.o
 .debug_abbrev  0x000005bd      0x1e7 build/adc.o
 .debug_abbrev  0x000007a4      0x2da build/gps.o
 .debug_abbrev  0x00000a7e      0x2df build/protocol.o
 .debug_abbrev  0x00000d5d      0x319 build/si4032.o
 .debug_abbrev  0x00001076      0x1ba build/main.o
 .debug_abbrev  0x00001230       0x28 /usr/lib/gcc/arm-none-eabi/14.2.1/thumb/v7-m/nofp/libgcc.a(_arm_addsubsf3.o)
 .debug_abbrev  0x00001258       0x28 /usr/lib/gcc/arm-none-eabi/14.2.1/thumb/v7-m/nofp/libgcc.a(_arm_muldivsf3.o)
 .debug_abbrev  0x00001280       0x28 /usr/lib/gcc/arm-none-eabi/14.2.1/thumb/v7-m/nofp/libgcc.a(_arm_cmpsf2.o)
 .debug_abbrev  0x000012a8       0x28 /usr/lib/gcc/arm-none-eabi/14.2.1/thumb/v7-m/nofp/libgcc.a(_arm_fixunssfsi.o)
 .debug_abbrev  0x000012d0       0x14 /usr/lib/gcc/arm-none-eabi/14.2.1/thumb/v7-m/nofp/libgcc.a(_aeabi_ldivmod.o)
 .debug_abbrev  0x000012e4       0x14 /usr/lib/gcc/arm-none-eabi/14.2.1/thumb/v7-m/nofp/libgcc.a(_aeabi_uldivmod.o)
 .debug_abbrev  0x000012f8      0x16a /usr/lib/gcc/arm-none-eabi/14.2.1/thumb/v7-m/nofp/libgcc.a(_udivmoddi4.o)
 .debug_abbrev  0x00001462       0x26 /usr/lib/gcc/arm-none-eabi/14.2.1/thumb/v7-m/nofp/libgcc.a(_dvmd_tls.o)

.debug_loclists
                0x00000000     0x249f
 .debug_loclists
                0x00000000       0x6b build/startup_stm32f100c8.o
 .debug_loclists
                0x0000006b      0x32d build/platform.o
 .debug_loclists
                0x00000398       0x44 build/uart.o
 .debug_loclists
                0x000003dc       0x29 build/spi.o
 .debug_loclists
                0x00000405      0x176 build/adc.o
 .debug_loclists
                0x0000057b      0x62d build/gps.o
 .debug_loclists
                0x00000ba8      0x8ff build/protocol.o
 .debug_loclists
                0x000014a7      0x4c2 build/si4032.o
 .debug_loclists
                0x00001969       0x73 build/main.o
 .debug_loclists
                0x000019dc      0xac3 /usr/lib/gcc/arm-none-eabi/14.2.1/thumb/v7-m/nofp/libgcc.a(_udivmoddi4.o)

.debug_aranges  0x00000000      0x348
 .debug_aranges
                0x00000000       0x28 build/startup_stm32f100c8.o
 .debug_aranges
                0x00000028       0x80 build/platform.o
 .debug_aranges
                0x000000a8       0x30 build/uart.o
 .debug_aranges
                0x000000d8       0x28 build/spi.o
 .debug_aranges
                0x00000100       0x38 build/adc.o
 .debug_aranges
                0x00000138       0x50 build/gps.o
 .debug_aranges
                0x00000188       0x48 build/protocol.o
 .debug_aranges
                0x000001d0       0x58 build/si4032.o
 .debug_aranges
                0x00000228       0x20 build/main.o
 .debug_aranges
                0x00000248       0x20 /usr/lib/gcc/arm-none-eabi/14.2.1/thumb/v7-m/nofp/libgcc.a(_arm_addsubsf3.o)
 .debug_aranges
                0x00000268       0x20 /usr/lib/gcc/arm-none-eabi/14.2.1/thumb/v7-m/nofp/libgcc.a(_arm_muldivsf3.o)
 .debug_aranges
                0x00000288       0x20 /usr/lib/gcc/arm-none-eabi/14.2.1/thumb/v7-m/nofp/libgcc.a(_arm_cmpsf2.o)
 .debug_aranges
                0x000002a8       0x20 /usr/lib/gcc/arm-none-eabi/14.2.1/thumb/v7-m/nofp/libgcc.a(_arm_fixunssfsi.o)
 .debug_aranges
                0x000002c8       0x20 /usr/lib/gcc/arm-none-eabi/14.2.1/thumb/v7-m/nofp/libgcc.a(_aeabi_ldivmod.o)
 .debug_aranges
                0x000002e8       0x20 /usr/lib/gcc/arm-none-eabi/14.2.1/thumb/v7-m/nofp/libgcc.a(_aeabi_uldivmod.o)
 .debug_aranges
                0x00000308       0x20 /usr/lib/gcc/arm-none-eabi/14.2.1/thumb/v7-m/nofp/libgcc.a(_udivmoddi4.o)
 .debug_aranges
                0x00000328       0x20 /usr/lib/gcc/arm-none-eabi/14.2.1/thumb/v7-m/nofp/libgcc.a(_dvmd_tls.o)

.debug_rnglists
                0x00000000      0x4af
 .debug_rnglists
                0x00000000       0x19 build/startup_stm32f100c8.o
 .debug_rnglists
                0x00000019       0x76 build/platform.o
 .debug_rnglists
                0x0000008f       0x1f build/uart.o
 .debug_rnglists
                0x000000ae       0x19 build/spi.o
 .debug_rnglists
                0x000000c7       0x40 build/adc.o
 .debug_rnglists
                0x00000107       0xbb build/gps.o
 .debug_rnglists
                0x000001c2       0xe3 build/protocol.o
 .debug_rnglists
                0x000002a5      0x163 build/si4032.o
 .debug_rnglists
                0x00000408       0x14 build/main.o
 .debug_rnglists
                0x0000041c       0x93 /usr/lib/gcc/arm-none-eabi/14.2.1/thumb/v7-m/nofp/libgcc.a(_udivmoddi4.o)

.debug_macro    0x00000000     0x13f2
 .debug_macro   0x00000000       0x1a build/startup_stm32f100c8.o
 .debug_macro   0x0000001a      0xac6 build/startup_stm32f100c8.o
 .debug_macro   0x00000ae0      0x34e build/startup_stm32f100c8.o
 .debug_macro   0x00000e2e       0x3f build/platform.o
 .debug_macro   0x00000e6d       0x22 build/platform.o
 .debug_macro   0x00000e8f      0x24b build/platform.o
 .debug_macro   0x000010da       0x7c build/platform.o
 .debug_macro   0x00001156       0x4d build/uart.o
 .debug_macro   0x000011a3       0x44 build/spi.o
 .debug_macro   0x000011e7       0x4d build/adc.o
 .debug_macro   0x00001234       0x61 build/gps.o
 .debug_macro   0x00001295       0x16 build/gps.o
 .debug_macro   0x000012ab       0x52 build/protocol.o
 .debug_macro   0x000012fd       0x60 build/si4032.o
 .debug_macro   0x0000135d       0x95 build/main.o

.debug_line     0x00000000     0x287d
 .debug_line    0x00000000       0xda build/startup_stm32f100c8.o
 .debug_line    0x000000da      0x356 build/platform.o
 .debug_line    0x00000430      0x161 build/uart.o
 .debug_line    0x00000591      0x13f build/spi.o
 .debug_line    0x000006d0      0x2c6 build/adc.o
 .debug_line    0x00000996      0x73a build/gps.o
 .debug_line    0x000010d0      0x5e3 build/protocol.o
 .debug_line    0x000016b3      0x61f build/si4032.o
 .debug_line    0x00001cd2      0x1b1 build/main.o
 .debug_line    0x00001e83      0x103 /usr/lib/gcc/arm-none-eabi/14.2.1/thumb/v7-m/nofp/libgcc.a(_arm_addsubsf3.o)
 .debug_line    0x00001f86      0x123 /usr/lib/gcc/arm-none-eabi/14.2.1/thumb/v7-m/nofp/libgcc.a(_arm_muldivsf3.o)
 .debug_line    0x000020a9       0x9a /usr/lib/gcc/arm-none-eabi/14.2.1/thumb/v7-m/nofp/libgcc.a(_arm_cmpsf2.o)
 .debug_line    0x00002143       0x5e /usr/lib/gcc/arm-none-eabi/14.2.1/thumb/v7-m/nofp/libgcc.a(_arm_fixunssfsi.o)
 .debug_line    0x000021a1       0x6c /usr/lib/gcc/arm-none-eabi/14.2.1/thumb/v7-m/nofp/libgcc.a(_aeabi_ldivmod.o)
 .debug_line    0x0000220d       0x4e /usr/lib/gcc/arm-none-eabi/14.2.1/thumb/v7-m/nofp/libgcc.a(_aeabi_uldivmod.o)
 .debug_line    0x0000225b      0x5d8 /usr/lib/gcc/arm-none-eabi/14.2.1/thumb/v7-m/nofp/libgcc.a(_udivmoddi4.o)
 .debug_line    0x00002833       0x4a /usr/lib/gcc/arm-none-eabi/14.2.1/thumb/v7-m/nofp/libgcc.a(_dvmd_tls.o)

.debug_str      0x00000000     0x5a2f
 .debug_str     0x00000000     0x5a2f build/startup_stm32f100c8.o
                               0x391e (size before relaxing)
 .debug_str     0x00005a2f     0x473e build/platform.o
 .debug_str     0x00005a2f     0x4669 build/uart.o
 .debug_str     0x00005a2f     0x43d9 build/spi.o
 .debug_str     0x00005a2f     0x46fd build/adc.o
 .debug_str     0x00005a2f     0x4b84 build/gps.o
 .debug_str     0x00005a2f     0x427b build/protocol.o
 .debug_str     0x00005a2f     0x4d36 build/si4032.o
 .debug_str     0x00005a2f     0x4b0d build/main.o
 .debug_str     0x00005a2f      0x144 /usr/lib/gcc/arm-none-eabi/14.2.1/thumb/v7-m/nofp/libgcc.a(_arm_addsubsf3.o)
 .debug_str     0x00005a2f       0xd0 /usr/lib/gcc/arm-none-eabi/14.2.1/thumb/v7-m/nofp/libgcc.a(_arm_muldivsf3.o)
 .debug_str     0x00005a2f      0x159 /usr/lib/gcc/arm-none-eabi/14.2.1/thumb/v7-m/nofp/libgcc.a(_arm_cmpsf2.o)
 .debug_str     0x00005a2f       0xbf /usr/lib/gcc/arm-none-eabi/14.2.1/thumb/v7-m/nofp/libgcc.a(_arm_fixunssfsi.o)
 .debug_str     0x00005a2f       0x9f /usr/lib/gcc/arm-none-eabi/14.2.1/thumb/v7-m/nofp/libgcc.a(_aeabi_ldivmod.o)
 .debug_str     0x00005a2f       0x9f /usr/lib/gcc/arm-none-eabi/14.2.1/thumb/v7-m/nofp/libgcc.a(_aeabi_uldivmod.o)
 .debug_str     0x00005a2f      0x67d /usr/lib/gcc/arm-none-eabi/14.2.1/thumb/v7-m/nofp/libgcc.a(_udivmoddi4.o)
 .debug_str     0x00005a2f       0xbf /usr/lib/gcc/arm-none-eabi/14.2.1/thumb/v7-m/nofp/libgcc.a(_dvmd_tls.o)

.comment        0x00000000       0x26
 .comment       0x00000000       0x26 build/startup_stm32f100c8.o
                                 0x27 (size before relaxing)
 .comment       0x00000026       0x27 build/platform.o
 .comment       0x00000026       0x27 build/uart.o
 .comment       0x00000026       0x27 build/spi.o
 .comment       0x00000026       0x27 build/adc.o
 .comment       0x00000026       0x27 build/gps.o
 .comment       0x00000026       0x27 build/protocol.o
 .comment       0x00000026       0x27 build/si4032.o
 .comment       0x00000026       0x27 build/main.o
 .comment       0x00000026       0x27 /usr/lib/gcc/arm-none-eabi/14.2.1/thumb/v7-m/nofp/libgcc.a(_udivmoddi4.o)

.ARM.attributes
                0x00000000       0x2d
 .ARM.attributes
                0x00000000       0x2d build/startup_stm32f100c8.o
 .ARM.attributes
                0x0000002d       0x2d build/platform.o
 .ARM.attributes
                0x0000005a       0x2d build/uart.o
 .ARM.attributes
                0x00000087       0x2d build/spi.o
 .ARM.attributes
                0x000000b4       0x2d build/adc.o
 .ARM.attributes
                0x000000e1       0x2d build/gps.o
 .ARM.attributes
                0x0000010e       0x2d build/protocol.o
 .ARM.attributes
                0x0000013b       0x2d build/si4032.o
 .ARM.attributes
                0x00000168       0x2d build/main.o
 .ARM.attributes
                0x00000195       0x1d /usr/lib/gcc/arm-none-eabi/14.2.1/thumb/v7-m/nofp/libgcc.a(_arm_addsubsf3.o)
 .ARM.attributes
                0x000001b2       0x1d /usr/lib/gcc/arm-none-eabi/14.2.1/thumb/v7-m/nofp/libgcc.a(_arm_muldivsf3.o)
 .ARM.attributes
                0x000001cf       0x1d /usr/lib/gcc/arm-none-eabi/14.2.1/thumb/v7-m/nofp/libgcc.a(_arm_cmpsf2.o)
 .ARM.attributes
                0x000001ec       0x1d /usr/lib/gcc/arm-none-eabi/14.2.1/thumb/v7-m/nofp/libgcc.a(_arm_fixunssfsi.o)
 .ARM.attributes
                0x00000209       0x1d /usr/lib/gcc/arm-none-eabi/14.2.1/thumb/v7-m/nofp/libgcc.a(_aeabi_ldivmod.o)
 .ARM.attributes
                0x00000226       0x1d /usr/lib/gcc/arm-none-eabi/14.2.1/thumb/v7-m/nofp/libgcc.a(_aeabi_uldivmod.o)
 .ARM.attributes
                0x00000243       0x2d /usr/lib/gcc/arm-none-eabi/14.2.1/thumb/v7-m/nofp/libgcc.a(_udivmoddi4.o)
 .ARM.attributes
                0x00000270       0x1d /usr/lib/gcc/arm-none-eabi/14.2.1/thumb/v7-m/nofp/libgcc.a(_dvmd_tls.o)

.debug_frame    0x00000000      0x6fc
 .debug_frame   0x00000000       0x38 build/startup_stm32f100c8.o
 .debug_frame   0x00000038       0xf4 build/platform.o
 .debug_frame   0x0000012c       0x48 build/uart.o
 .debug_frame   0x00000174       0x38 build/spi.o
 .debug_frame   0x000001ac       0x70 build/adc.o
 .debug_frame   0x0000021c       0xb8 build/gps.o
 .debug_frame   0x000002d4       0xd8 build/protocol.o
 .debug_frame   0x000003ac      0x108 build/si4032.o
 .debug_frame   0x000004b4       0x34 build/main.o
 .debug_frame   0x000004e8       0x4c /usr/lib/gcc/arm-none-eabi/14.2.1/thumb/v7-m/nofp/libgcc.a(_arm_addsubsf3.o)
 .debug_frame   0x00000534       0x38 /usr/lib/gcc/arm-none-eabi/14.2.1/thumb/v7-m/nofp/libgcc.a(_arm_muldivsf3.o)
 .debug_frame   0x0000056c       0xc8 /usr/lib/gcc/arm-none-eabi/14.2.1/thumb/v7-m/nofp/libgcc.a(_arm_cmpsf2.o)
 .debug_frame   0x00000634       0x24 /usr/lib/gcc/arm-none-eabi/14.2.1/thumb/v7-m/nofp/libgcc.a(_arm_fixunssfsi.o)
 .debug_frame   0x00000658       0x44 /usr/lib/gcc/arm-none-eabi/14.2.1/thumb/v7-m/nofp/libgcc.a(_aeabi_ldivmod.o)
 .debug_frame   0x0000069c       0x2c /usr/lib/gcc/arm-none-eabi/14.2.1/thumb/v7-m/nofp/libgcc.a(_aeabi_uldivmod.o)
 .debug_frame   0x000006c8       0x34 /usr/lib/gcc/arm-none-eabi/14.2.1/thumb/v7-m/nofp/libgcc.a(_udivmoddi4.o)

.debug_line_str
                0x00000000       0xac
 .debug_line_str
                0x00000000       0xac /usr/lib/gcc/arm-none-eabi/14.2.1/thumb/v7-m/nofp/libgcc.a(_arm_addsubsf3.o)
                                 0x98 (size before relaxing)
 .debug_line_str
                0x000000ac       0x98 /usr/lib/gcc/arm-none-eabi/14.2.1/thumb/v7-m/nofp/libgcc.a(_arm_muldivsf3.o)
 .debug_line_str
                0x000000ac       0x98 /usr/lib/gcc/arm-none-eabi/14.2.1/thumb/v7-m/nofp/libgcc.a(_arm_cmpsf2.o)
 .debug_line_str
                0x000000ac       0x98 /usr/lib/gcc/arm-none-eabi/14.2.1/thumb/v7-m/nofp/libgcc.a(_arm_fixunssfsi.o)
 .debug_line_str
                0x000000ac       0x93 /usr/lib/gcc/arm-none-eabi/14.2.1/thumb/v7-m/nofp/libgcc.a(_aeabi_ldivmod.o)
 .debug_line_str
                0x000000ac       0x93 /usr/lib/gcc/arm-none-eabi/14.2.1/thumb/v7-m/nofp/libgcc.a(_aeabi_uldivmod.o)
 .debug_line_str
                0x000000ac       0x97 /usr/lib/gcc/arm-none-eabi/14.2.1/thumb/v7-m/nofp/libgcc.a(_dvmd_tls.o)
