\BOOKMARK [1][-]{section.1}{\376\377\000\332\000k\000o\000l\000\040\0001\000\040\040\023\000\040\000U\000s\000t\000\341\000l\000e\000n\000\341\000\040\000o\000d\000e\000z\000v\000a}{}% 1
\BOOKMARK [2][-]{subsection.1.1}{\376\377\000S\000t\000a\000t\000i\000c\000k\000\351\000\040\000z\000e\000s\000\355\000l\000e\000n\000\355}{section.1}% 2
\BOOKMARK [2][-]{subsection.1.2}{\376\377\000U\000s\000t\000\341\000l\000e\000n\000\341\000\040\000h\000o\000d\000n\000o\000t\000a\000\040\000o\000d\000e\000z\000v\000y\000\040\000n\000a\000\040\000v\000s\000t\000u\000p}{section.1}% 3
\BOOKMARK [2][-]{subsection.1.3}{\376\377\000U\000s\000t\000\341\000l\000e\000n\000\341\000\040\000h\000o\000d\000n\000o\000t\000a\000\040\000o\000d\000e\000z\000v\000y\000\040\000n\000a\000\040\000d\000i\000r\000r\000a\000c\001\157\000v\000\040\000i\000m\000p\000u\000l\000z}{section.1}% 4
\BOOKMARK [1][-]{section.2}{\376\377\000\332\000k\000o\000l\000\040\0002\000\040\040\023\000\040\000L\000a\000p\000l\000a\000c\000e\000o\000v\000a\000\040\000t\000r\000a\000n\000s\000f\000o\000r\000m\000a\000c\000e}{}% 5
\BOOKMARK [2][-]{subsection.2.1}{\376\377\001\130\000e\001\141\000e\000n\000\355\000\040\000s\000o\000u\000s\000t\000a\000v\000y\000\040\000d\000i\000f\000e\000r\000e\000n\000c\000i\000\341\000l\000n\000\355\000c\000h\000\040\000r\000o\000v\000n\000i\000c}{section.2}% 6
\BOOKMARK [2][-]{subsection.2.2}{\376\377\000P\000r\001\157\000b\001\033\000h\000y\000\040\000n\000a\000l\000e\000z\000e\000n\000\375\000c\000h\000\040\000f\000u\000n\000k\000c\000\355}{section.2}% 7
\BOOKMARK [1][-]{section.3}{\376\377\000\332\000k\000o\000l\000\040\0003\000\040\040\023\000\040\000L\000i\000n\000e\000a\000r\000i\000z\000a\000c\000e}{}% 8
\BOOKMARK [2][-]{subsection.3.1}{\376\377\000R\000o\000v\000n\000o\000v\000\341\001\176\000n\000\375\000\040\000p\000r\000a\000c\000o\000v\000n\000\355\000\040\000b\000o\000d}{section.3}% 9
\BOOKMARK [2][-]{subsection.3.2}{\376\377\000L\000i\000n\000e\000a\000r\000i\000z\000a\000c\000e}{section.3}% 10
\BOOKMARK [2][-]{subsection.3.3}{\376\377\000S\000i\000m\000u\000l\000i\000n\000k}{section.3}% 11
\BOOKMARK [1][-]{section.4}{\376\377\000\332\000k\000o\000l\000\040\0004\000\040\040\023\000\040\000A\000s\000y\000m\000p\000t\000o\000t\000i\000c\000k\000\351\000\040\000f\000r\000e\000k\000v\000e\000n\001\015\000n\000\355\000\040\000c\000h\000a\000r\000a\000k\000t\000e\000r\000i\000s\000t\000i\000k\000y}{}% 12
\BOOKMARK [2][-]{subsection.4.1}{\376\377\000O\000b\000r\000\341\000z\000e\000k\000\040\000c\000h\000a\000r\000a\000k\000t\000e\000r\000i\000s\000t\000i\000k\000y}{section.4}% 13
\BOOKMARK [2][-]{subsection.4.2}{\376\377\000C\000h\000a\000r\000a\000k\000t\000e\000r\000i\000s\000t\000i\000k\000a\000\040\000z\000\040\000o\000b\000r\000\341\000z\000k\000u}{section.4}% 14
\BOOKMARK [1][-]{section.5}{\376\377\000\332\000k\000o\000l\000\040\0005\000\040\040\023\000\040\000P\001\131\000e\000v\000o\000d\000\040\000d\000o\000\040\000p\001\131\000e\000n\000o\000s\000o\000v\000\351\000h\000o\000\040\000p\000o\000p\000i\000s\000u}{}% 15
\BOOKMARK [1][-]{section.6}{\376\377\000\332\000k\000o\000l\000\040\0006\000\040\040\023\000\040\000S\000t\000a\000b\000i\000l\000i\000t\000a}{}% 16
\BOOKMARK [1][-]{section.7}{\376\377\000\332\000k\000o\000l\000\040\0007\000\040\040\023\000\040\000D\000i\000s\000k\000r\000e\000t\000i\000z\000a\000c\000e}{}% 17
\BOOKMARK [1][-]{section.8}{\376\377\000\332\000k\000o\000l\000\040\0008\000\040\040\023\000\040\000V\000l\000a\000s\000t\000n\000o\000s\000t\000i\000\040\000p\001\131\000e\000n\000o\000s\001\157}{}% 18
\BOOKMARK [1][-]{section.9}{\376\377\000\332\000k\000o\000l\000\040\0009\000\040\040\023\000\040\000S\000p\000o\000j\000o\000v\000\341\000n\000\355\000\040\000d\000y\000n\000a\000m\000i\000c\000k\000\375\000c\000h\000\040\000s\000y\000s\000t\000\351\000m\001\157}{}% 19
\BOOKMARK [2][-]{subsection.9.1}{\376\377\000P\000a\000r\000a\000l\000e\000l\000n\000\355\000\040\000z\000a\000p\000o\000j\000e\000n\000\355}{section.9}% 20
\BOOKMARK [2][-]{subsection.9.2}{\376\377\000S\000\351\000r\000i\000o\000v\000\351\000\040\000z\000a\000p\000o\000j\000e\000n\000\355}{section.9}% 21
\BOOKMARK [2][-]{subsection.9.3}{\376\377\000Z\000a\000p\000o\000j\000e\000n\000\355\000\040\000p\000o\000d\000l\000e\000\040\000o\000b\000r\000\341\000z\000k\000u\000\040\0003}{section.9}% 22
\BOOKMARK [2][-]{subsection.9.4}{\376\377\000Z\000a\000p\000o\000j\000e\000n\000\355\000\040\000p\000o\000d\000l\000e\000\040\000o\000b\000r\000\341\000z\000k\000u\000\040\0004}{section.9}% 23
\BOOKMARK [1][-]{section.10}{\376\377\000\332\000k\000o\000l\000\040\0001\0000\000\040\040\023\000\040\000D\000i\000s\000k\000r\000\351\000t\000n\000\355\000\040\000s\000y\000s\000t\000\351\000m}{}% 24
\BOOKMARK [2][-]{subsection.10.1}{\376\377\000P\001\131\000e\000n\000o\000s\000\040\000s\000y\000s\000t\000\351\000m\000u}{section.10}% 25
\BOOKMARK [2][-]{subsection.10.2}{\376\377\000S\000t\000a\000b\000i\000l\000i\000t\000a\000\040\000s\000y\000s\000t\000\351\000m\000u}{section.10}% 26
\BOOKMARK [2][-]{subsection.10.3}{\376\377\000S\000i\000m\000u\000l\000i\000n\000k\000o\000v\000\351\000\040\000s\000c\000h\000\351\000m\000a}{section.10}% 27
\BOOKMARK [1][-]{section.11}{\376\377\000\332\000k\000o\000l\000\040\0001\0001\000\040\040\023\000\040\000S\000k\000o\000k\000o\000v\000\351\000\040\000a\000\040\000i\000m\000p\000u\000l\000z\000n\000\355\000\040\000c\000h\000a\000r\000a\000k\000t\000e\000r\000i\000s\000t\000i\000k\000y}{}% 28
\BOOKMARK [2][-]{subsection.11.1}{\376\377\000P\001\131\000i\001\131\000a\000z\000e\000n\000\355\000\040\000c\000h\000a\000r\000a\000k\000t\000e\000r\000i\000s\000t\000i\000k}{section.11}% 29
\BOOKMARK [2][-]{subsection.11.2}{\376\377\000V\000z\000t\000a\000h\000\040\000m\000e\000z\000i\000\040\000i\000m\000p\000u\000l\000z\000n\000\355\000\040\000a\000\040\000s\000k\000o\000k\000o\000v\000o\000u\000\040\000c\000h\000a\000r\000a\000k\000t\000e\000r\000i\000s\000t\000i\000k\000o\000u}{section.11}% 30
\BOOKMARK [1][-]{section.12}{\376\377\000\332\000k\000o\000l\000\040\0001\0002\000\040\040\023\000\040\000F\000r\000e\000k\000v\000e\000n\001\015\000n\000\355\000\040\000c\000h\000a\000r\000a\000k\000t\000e\000r\000i\000s\000t\000i\000k\000y}{}% 31
\BOOKMARK [2][-]{subsection.12.1}{\376\377\000P\001\131\000i\001\131\000a\000z\000e\000n\000\355}{section.12}% 32
\BOOKMARK [2][-]{subsection.12.2}{\376\377\000Z\000e\000s\000\355\000l\000e\000n\000\355\000\040\000p\000r\000o\000\040\000f\000\341\000z\000i\000\040\000-\0004\0005\000\040\000d\000e\000g\000\040\000p\000r\000o\000\040\000o\000b\000r\000\341\000z\000e\000k\000\040\0005\000f}{section.12}% 33
